{"logTime": "0809/064803", "correlationVector":"P/Qb2zfLVpYlZjWMTXSURy.1","action":"SyncServerConnectionManagerRequest", "result":"SYNC_SERVER_OK", "context":{"environment":"Prod_southeastasia_prod-s01-064-apac-southeastasia", "migrationStage":"NotStarted", "server":"akswtt00300000c"}}
{"logTime": "0809/064803", "correlationVector":"P/Qb2zfLVpYlZjWMTXSURy.2","action":"ProcessGetUpdates", "result":"Done", "context":{"dataType":"Encryption Keys", "deleted":"0", "process_failed_to_decrypt":"0", "process_pending_decryption":"0", "process_success":"1", "total":"1"}}
{"logTime": "0809/064804", "correlationVector":"JMPixxmu5Pes+yoHbiGCgT","action":"SyncServerConnectionManagerRequest", "result":"SYNC_SERVER_OK", "context":{"environment":"", "migrationStage":"", "server":""}}
{"logTime": "0809/064804", "correlationVector":"JMPixxmu5Pes+yoHbiGCgT.0","action":"EncryptionKeysFetcher.DownloadKeys:", "result":"Success", "context":Key count: 9, Last key timestamp: 2026-02-26T08:20:47Z}
{"logTime": "0809/064804", "correlationVector":"JMPixxmu5Pes+yoHbiGCgT.1","action":"EncryptionKeysManager::SetEncryptionKeys:", "result":"Success", "context":Key names[9]:[5MIO6e36XdnHmoNV5iMfFHGIReIucMkTeRa/k10n9OJkWCYa3ED++nlVIQtjln4XWoMJO9mjfv64EnGQklFoxQ==][NE/w5cTg41FBJfcPZnMuICb3jKHQsskZwaTBMU7zXcQrl+ZIlK90O/x+pAhacPJEWkfUASzNSSLCeAE/5MdyeA==][NhhTbZyDCLhirlfBNVAbQeRzxJZ8zcv1Lk13M/HoOzIasuAS4sLxR0ifHGyvLPBp1t3s6lj2kgeJgmquQhlo/A==][8WQhgOJgbI4Hs2/UgvIGa9TaVjGfHpSP/xxtxvfulmVLXln2N0Fkv/oFsHdQgvtBaeKrgCfKSheA5zEhlHBqGQ==][dkxoX4dI5zfQsLM1dun01OgqzUGTxu9e0llVWlMvx+WaLtfu9wicudTg0Z6DhTwW4QL5YsCcyCxRQmBKG4B5BQ==][DU15T6UOs1M7KlcPw2mT4CebE35BFBMvdZo/q1xINmmuiV/CO+/uWJk2GRpTHdEQ88i5AHXKT2EOUDfLG+XtHg==][5gmPuKa0k0G6rtnkAdDpzKF+t7uxlpLR6G8T7P/j3BLNijZJr3InxHEu05FC7qt8yonK+IIcolG+d6Jzg4YuMg==][I6vXpsyyEDA+4Y3URrh+TVX3pviDMuYhNGgQ36+FHqe/KfP8rYcHGZUhaf2Qzz1xFlJgfvzr5hYBrf6iwu8QVQ==][MOf8FOhG/KsEm9R+qoT39lNLH3HNbUhroeccN3Xb3FH07Xy6qcDt7azJl9ANa29n3LmkNzFceNRCAFYT8jY6bQ==]}
{"logTime": "0809/064804", "correlationVector":"JMPixxmu5Pes+yoHbiGCgT.2","action":"EncryptionKeysManager::SetEncryptionKeysWithTimestamps:", "result":"Success", "context":Key timestamps[9]:[2022-02-03T11:27:39Z][2022-08-03T08:46:43Z][2023-01-31T05:47:55Z][2023-08-06T10:01:47Z][2024-02-05T02:38:36Z][2024-08-04T06:55:15Z][2025-01-31T13:57:50Z][2025-08-03T05:12:29Z][2026-02-26T08:20:47Z]}
{"logTime": "0809/064804", "correlationVector":"P/Qb2zfLVpYlZjWMTXSURy","action":"Initial GetUpdates", "result":"", "context":Reason: NEW_CLIENT. cV=P/Qb2zfLVpYlZjWMTXSURy}
{"logTime": "0809/064804", "correlationVector":"P/Qb2zfLVpYlZjWMTXSURy.3","action":"GetUpdates Response", "result":"Success", "context":Received 1 update(s). cV=P/Qb2zfLVpYlZjWMTXSURy.0;server=akswtt00300000c;cloudType=Consumer;environment=Prod_southeastasia_prod-s01-064-apac-southeastasia;migrationStage=NotStarted}
{"logTime": "0809/064804", "correlationVector":"RHR8/zpSzA4fTA1QtaXz8S","action":"Initial GetUpdates", "result":"", "context":Reason: NEWLY_SUPPORTED_DATATYPE. cV=RHR8/zpSzA4fTA1QtaXz8S}
{"logTime": "0809/064804", "correlationVector":"RHR8/zpSzA4fTA1QtaXz8S.1","action":"SyncServerConnectionManagerRequest", "result":"SYNC_SERVER_OK", "context":{"environment":"Prod_southeastasia_prod-s01-064-apac-southeastasia", "migrationStage":"NotStarted", "server":"akswtt00300000b"}}
{"logTime": "0809/064804", "correlationVector":"RHR8/zpSzA4fTA1QtaXz8S.2","action":"ProcessGetUpdates", "result":"Done", "context":{"dataType":"Passwords", "deleted":"0", "process_failed_to_decrypt":"0", "process_pending_decryption":"0", "process_success":"69", "total":"69"}}
{"logTime": "0809/064804", "correlationVector":"RHR8/zpSzA4fTA1QtaXz8S.3","action":"ProcessGetUpdates", "result":"Done", "context":{"dataType":"Device Info", "deleted":"0", "process_failed_to_decrypt":"0", "process_pending_decryption":"0", "process_success":"8", "total":"8"}}
{"logTime": "0809/064804", "correlationVector":"RHR8/zpSzA4fTA1QtaXz8S.4","action":"GetUpdates Response", "result":"Success", "context":Received 77 update(s). cV=RHR8/zpSzA4fTA1QtaXz8S.0;server=akswtt00300000b;cloudType=Consumer;environment=Prod_southeastasia_prod-s01-064-apac-southeastasia;migrationStage=NotStarted}
{"logTime": "0809/064804", "correlationVector":"pEF3om79bE+hYPG90MkGkb","action":"Initial GetUpdates", "result":"", "context":Reason: NEWLY_SUPPORTED_DATATYPE. cV=pEF3om79bE+hYPG90MkGkb}
{"logTime": "0809/064804", "correlationVector":"pEF3om79bE+hYPG90MkGkb.1","action":"SyncServerConnectionManagerRequest", "result":"SYNC_SERVER_OK", "context":{"environment":"Prod_southeastasia_prod-s01-064-apac-southeastasia", "migrationStage":"NotStarted", "server":"akswtt003000004"}}
{"logTime": "0809/064804", "correlationVector":"pEF3om79bE+hYPG90MkGkb.2","action":"ProcessGetUpdates", "result":"Done", "context":{"dataType":"Bookmarks", "deleted":"2", "process_failed_to_decrypt":"0", "process_pending_decryption":"0", "process_success":"8", "total":"8"}}
{"logTime": "0809/064804", "correlationVector":"pEF3om79bE+hYPG90MkGkb.3","action":"ProcessGetUpdates", "result":"Done", "context":{"dataType":"Preferences", "deleted":"0", "process_failed_to_decrypt":"0", "process_pending_decryption":"0", "process_success":"112", "total":"112"}}
{"logTime": "0809/064804", "correlationVector":"pEF3om79bE+hYPG90MkGkb.4","action":"ProcessGetUpdates", "result":"Done", "context":{"dataType":"Autofill Profiles", "deleted":"0", "process_failed_to_decrypt":"0", "process_pending_decryption":"0", "process_success":"1", "total":"1"}}
{"logTime": "0809/064804", "correlationVector":"pEF3om79bE+hYPG90MkGkb.5","action":"ProcessGetUpdates", "result":"Done", "context":{"dataType":"Autofill", "deleted":"0", "process_failed_to_decrypt":"0", "process_pending_decryption":"0", "process_success":"90", "total":"90"}}
{"logTime": "0809/064804", "correlationVector":"pEF3om79bE+hYPG90MkGkb.6","action":"ProcessGetUpdates", "result":"Done", "context":{"dataType":"Extensions", "deleted":"0", "process_failed_to_decrypt":"0", "process_pending_decryption":"0", "process_success":"2", "total":"2"}}
{"logTime": "0809/064804", "correlationVector":"pEF3om79bE+hYPG90MkGkb.7","action":"ProcessGetUpdates", "result":"Done", "context":{"dataType":"Sessions", "deleted":"10", "process_failed_to_decrypt":"0", "process_pending_decryption":"0", "process_success":"13", "total":"13"}}
{"logTime": "0809/064804", "correlationVector":"pEF3om79bE+hYPG90MkGkb.8","action":"ProcessGetUpdates", "result":"Done", "context":{"dataType":"Extension settings", "deleted":"0", "process_failed_to_decrypt":"0", "process_pending_decryption":"0", "process_success":"2", "total":"2"}}
{"logTime": "0809/064804", "correlationVector":"pEF3om79bE+hYPG90MkGkb.9","action":"ProcessGetUpdates", "result":"Done", "context":{"dataType":"Web Apps", "deleted":"0", "process_failed_to_decrypt":"0", "process_pending_decryption":"0", "process_success":"6", "total":"6"}}
{"logTime": "0809/064804", "correlationVector":"pEF3om79bE+hYPG90MkGkb.10","action":"ProcessGetUpdates", "result":"Done", "context":{"dataType":"Saved Tab Group", "deleted":"9", "process_failed_to_decrypt":"0", "process_pending_decryption":"0", "process_success":"9", "total":"9"}}
{"logTime": "0809/064804", "correlationVector":"pEF3om79bE+hYPG90MkGkb.11","action":"ProcessGetUpdates", "result":"Done", "context":{"dataType":"Edge Hub App Usage", "deleted":"1", "process_failed_to_decrypt":"0", "process_pending_decryption":"0", "process_success":"2", "total":"2"}}
{"logTime": "0809/064804", "correlationVector":"pEF3om79bE+hYPG90MkGkb.12","action":"GetUpdates Response", "result":"Success", "context":Received 245 update(s). cV=pEF3om79bE+hYPG90MkGkb.0;server=akswtt003000004;cloudType=Consumer;environment=Prod_southeastasia_prod-s01-064-apac-southeastasia;migrationStage=NotStarted}
{"logTime": "0809/064804", "correlationVector":"DH8Dn4Zkp+1MeifLJgILQ9","action":"Initial GetUpdates", "result":"", "context":Reason: NEWLY_SUPPORTED_DATATYPE. cV=DH8Dn4Zkp+1MeifLJgILQ9}
{"logTime": "0809/064804", "correlationVector":"DH8Dn4Zkp+1MeifLJgILQ9.1","action":"SyncServerConnectionManagerRequest", "result":"SYNC_SERVER_OK", "context":{"environment":"Prod_southeastasia_prod-s01-064-apac-southeastasia", "migrationStage":"NotStarted", "server":"akswtt003000015"}}
{"logTime": "0809/064804", "correlationVector":"DH8Dn4Zkp+1MeifLJgILQ9.2","action":"ProcessGetUpdates", "result":"Done", "context":{"dataType":"History", "deleted":"0", "process_failed_to_decrypt":"0", "process_pending_decryption":"0", "process_success":"1", "total":"1"}}
{"logTime": "0809/064804", "correlationVector":"DH8Dn4Zkp+1MeifLJgILQ9.3","action":"GetUpdates Response", "result":"Success", "context":Received 1 update(s). cV=DH8Dn4Zkp+1MeifLJgILQ9.0;server=akswtt003000015;cloudType=Consumer;environment=Prod_southeastasia_prod-s01-064-apac-southeastasia;migrationStage=NotStarted}
{"logTime": "0809/064804", "correlationVector":"tgzdawMu3tow1pZ9w9GnuL","action":"Normal GetUpdate request", "result":"", "context":cV=tgzdawMu3tow1pZ9w9GnuL
Nudged types: Sessions, Device Info, User Consents
Refresh requested types: Bookmarks, Preferences, Passwords, Autofill Profiles, Autofill, Extensions, Sessions, Extension settings, History Delete Directives, Device Info, User Consents, Send Tab To Self, Web Apps, History, Saved Tab Group, WebAuthn Credentials, Edge E Drop, Edge Hub App Usage, Edge Workspace, Encryption Keys}
{"logTime": "0809/064805", "correlationVector":"tgzdawMu3tow1pZ9w9GnuL.1","action":"SyncServerConnectionManagerRequest", "result":"SYNC_SERVER_OK", "context":{"environment":"Prod_southeastasia_prod-s01-064-apac-southeastasia", "migrationStage":"NotStarted", "server":"akswtt00300000w"}}
{"logTime": "0809/064805", "correlationVector":"tgzdawMu3tow1pZ9w9GnuL.2","action":"GetUpdates Response", "result":"Success", "context":Received 0 update(s). cV=tgzdawMu3tow1pZ9w9GnuL.0;server=akswtt00300000w;cloudType=Consumer;environment=Prod_southeastasia_prod-s01-064-apac-southeastasia;migrationStage=NotStarted}
{"logTime": "0809/064805", "correlationVector":"dTg050f7fXrguDZYO1Cfhc","action":"DoCompareDataConsistency requsted types: ", "result":"Bookmarks, Preferences, Passwords, Extensions, Extension settings, History Delete Directives, Send Tab To Self, Web Apps, History, Saved Tab Group, WebAuthn Credentials, Edge E Drop, Edge Workspace, Encryption Keys"}
{"logTime": "0809/064805", "correlationVector":"dTg050f7fXrguDZYO1Cfhc.0","action":"CompareDataConsistency result: ", "result":"Compare result: Encryption Keys is consistent. local entities count is: 1 local entities hash is: Qd2W1HYUpEXPyyhfgmKwgprQ3Oo="}
{"logTime": "0809/064805", "correlationVector":"dTg050f7fXrguDZYO1Cfhc.1","action":"CompareDataConsistency result: ", "result":"Compare result: Bookmarks is consistent. local entities count is: 0 local entities hash is: "}
{"logTime": "0809/064805", "correlationVector":"dTg050f7fXrguDZYO1Cfhc.2","action":"CompareDataConsistency result: ", "result":"Compare result: Preferences is consistent. local entities count is: 112 local entities hash is: t48qqZafTog831XMuRHbEsQsjU0="}
{"logTime": "0809/064805", "correlationVector":"dTg050f7fXrguDZYO1Cfhc.3","action":"CompareDataConsistency result: ", "result":"Compare result: Extensions is consistent. local entities count is: 2 local entities hash is: qrm0efyOwG5otJkw7reJ+BN2eXg="}
{"logTime": "0809/064805", "correlationVector":"dTg050f7fXrguDZYO1Cfhc.4","action":"CompareDataConsistency result: ", "result":"Compare result: Extension settings is consistent. local entities count is: 2 local entities hash is: bcsBRwhldu6Gozs1MUT9NjNA2gU="}
{"logTime": "0809/064805", "correlationVector":"dTg050f7fXrguDZYO1Cfhc.5","action":"CompareDataConsistency result: ", "result":"Compare result: History Delete Directives is consistent. local entities count is: 0 local entities hash is: "}
{"logTime": "0809/064805", "correlationVector":"dTg050f7fXrguDZYO1Cfhc.6","action":"CompareDataConsistency result: ", "result":"Server did not send this Send Tab To Self local entities count is: 0 local entities hash is: "}
{"logTime": "0809/064805", "correlationVector":"dTg050f7fXrguDZYO1Cfhc.7","action":"CompareDataConsistency result: ", "result":"Compare result: Web Apps is consistent. local entities count is: 6 local entities hash is: MinrqD50T1hSwfZUuA0jaEKPfpQ="}
{"logTime": "0809/064805", "correlationVector":"dTg050f7fXrguDZYO1Cfhc.8","action":"CompareDataConsistency result: ", "result":"Server did not send this History local entities count is: 0 local entities hash is: "}
{"logTime": "0809/064805", "correlationVector":"dTg050f7fXrguDZYO1Cfhc.9","action":"CompareDataConsistency result: ", "result":"Compare result: Saved Tab Group is consistent. local entities count is: 0 local entities hash is: "}
{"logTime": "0809/064805", "correlationVector":"dTg050f7fXrguDZYO1Cfhc.10","action":"CompareDataConsistency result: ", "result":"Server did not send this WebAuthn Credentials local entities count is: 0 local entities hash is: "}
{"logTime": "0809/064805", "correlationVector":"dTg050f7fXrguDZYO1Cfhc.11","action":"CompareDataConsistency result: ", "result":"Compare result: Edge E Drop is consistent. local entities count is: 0 local entities hash is: "}
{"logTime": "0809/064805", "correlationVector":"dTg050f7fXrguDZYO1Cfhc.12","action":"CompareDataConsistency result: ", "result":"Server did not send this Edge Workspace local entities count is: 0 local entities hash is: "}
{"logTime": "0809/064805", "correlationVector":"dTg050f7fXrguDZYO1Cfhc.13","action":"CompareDataConsistency result: ", "result":"Compare result: Passwords is consistent. local entities count is: 69 local entities hash is: j6q00VkoORs0II+N4bZ0I9tJwd4="}
{"logTime": "0809/064805", "correlationVector":"IWHyiv4CzgOdW5CsgUMkpC","action":"Commit Request", "result":"", "context":Item count: 4
Contributing types: Sessions, Device Info, User Consents}
{"logTime": "0809/064805", "correlationVector":"IWHyiv4CzgOdW5CsgUMkpC.1","action":"SyncServerConnectionManagerRequest", "result":"SYNC_SERVER_OK", "context":{"environment":"Prod_southeastasia_prod-s01-064-apac-southeastasia", "migrationStage":"NotStarted", "server":"akswtt00300000r"}}
{"logTime": "0809/064805", "correlationVector":"IWHyiv4CzgOdW5CsgUMkpC.2","action":"Commit Response", "result":"Success", "context":Result: Success. cV=IWHyiv4CzgOdW5CsgUMkpC.0;server=akswtt00300000r;cloudType=Consumer;environment=Prod_southeastasia_prod-s01-064-apac-southeastasia;migrationStage=NotStarted}
{"logTime": "0809/064805", "correlationVector":"","action":"DIAGNOSTIC_REQUEST|v1/diagnosticData/Diagnostic.SendCheckResult()|SUCCESS", "result":""}
{"logTime": "0809/064814", "correlationVector":"aJdSXDmfqYZAUm09Gz+6is","action":"Commit Request", "result":"", "context":Item count: 1
Contributing types: Edge Hub App Usage}
{"logTime": "0809/064814", "correlationVector":"aJdSXDmfqYZAUm09Gz+6is.1","action":"SyncServerConnectionManagerRequest", "result":"SYNC_SERVER_OK", "context":{"environment":"Prod_southeastasia_prod-s01-064-apac-southeastasia", "migrationStage":"NotStarted", "server":"akswtt00300000b"}}
{"logTime": "0809/064814", "correlationVector":"aJdSXDmfqYZAUm09Gz+6is.2","action":"Commit Response", "result":"Success", "context":Result: Success. cV=aJdSXDmfqYZAUm09Gz+6is.0;server=akswtt00300000b;cloudType=Consumer;environment=Prod_southeastasia_prod-s01-064-apac-southeastasia;migrationStage=NotStarted}
